// Jest Snapshot v1, https://goo.gl/fbAQLP

exports[`Should render ListItem 1`] = `
<div>
  <Link
    replace={false}
    to="/edit/1"
  >
    <h3>
      cafe
    </h3>
  </Link>
  <p>
    $100
    -
    31 December 1969
  </p>
</div>
`;
