// Jest Snapshot v1, https://goo.gl/fbAQLP

exports[`Should render Header correctly 1`] = `
ShallowWrapper {
  "length": 1,
  Symbol(enzyme.__root__): [Circular],
  Symbol(enzyme.__unrendered__): <Header
    startLogout={[Function]}
  />,
  Symbol(enzyme.__renderer__): Object {
    "batchedUpdates": [Function],
    "getNode": [Function],
    "render": [Function],
    "simulateEvent": [Function],
    "unmount": [Function],
  },
  Symbol(enzyme.__node__): Object {
    "instance": null,
    "key": undefined,
    "nodeType": "host",
    "props": Object {
      "children": Array [
        <h1>
          Expensify
        </h1>,
        <NavLink
          activeClassName="is-active"
          ariaCurrent="true"
          exact={true}
          to="/"
        >
          Inicio
        </NavLink>,
        <NavLink
          activeClassName="is-active"
          ariaCurrent="true"
          to="/create"
        >
          Crear
        </NavLink>,
        <button
          onClick={[Function]}
        >
          Logout
        </button>,
      ],
    },
    "ref": null,
    "rendered": Array [
      Object {
        "instance": null,
        "key": undefined,
        "nodeType": "host",
        "props": Object {
          "children": "Expensify",
        },
        "ref": null,
        "rendered": "Expensify",
        "type": "h1",
      },
      Object {
        "instance": null,
        "key": undefined,
        "nodeType": "function",
        "props": Object {
          "activeClassName": "is-active",
          "ariaCurrent": "true",
          "children": "Inicio",
          "exact": true,
          "to": "/",
        },
        "ref": null,
        "rendered": "Inicio",
        "type": [Function],
      },
      Object {
        "instance": null,
        "key": undefined,
        "nodeType": "function",
        "props": Object {
          "activeClassName": "is-active",
          "ariaCurrent": "true",
          "children": "Crear",
          "to": "/create",
        },
        "ref": null,
        "rendered": "Crear",
        "type": [Function],
      },
      Object {
        "instance": null,
        "key": undefined,
        "nodeType": "host",
        "props": Object {
          "children": "Logout",
          "onClick": [Function],
        },
        "ref": null,
        "rendered": "Logout",
        "type": "button",
      },
    ],
    "type": "header",
  },
  Symbol(enzyme.__nodes__): Array [
    Object {
      "instance": null,
      "key": undefined,
      "nodeType": "host",
      "props": Object {
        "children": Array [
          <h1>
            Expensify
          </h1>,
          <NavLink
            activeClassName="is-active"
            ariaCurrent="true"
            exact={true}
            to="/"
          >
            Inicio
          </NavLink>,
          <NavLink
            activeClassName="is-active"
            ariaCurrent="true"
            to="/create"
          >
            Crear
          </NavLink>,
          <button
            onClick={[Function]}
          >
            Logout
          </button>,
        ],
      },
      "ref": null,
      "rendered": Array [
        Object {
          "instance": null,
          "key": undefined,
          "nodeType": "host",
          "props": Object {
            "children": "Expensify",
          },
          "ref": null,
          "rendered": "Expensify",
          "type": "h1",
        },
        Object {
          "instance": null,
          "key": undefined,
          "nodeType": "function",
          "props": Object {
            "activeClassName": "is-active",
            "ariaCurrent": "true",
            "children": "Inicio",
            "exact": true,
            "to": "/",
          },
          "ref": null,
          "rendered": "Inicio",
          "type": [Function],
        },
        Object {
          "instance": null,
          "key": undefined,
          "nodeType": "function",
          "props": Object {
            "activeClassName": "is-active",
            "ariaCurrent": "true",
            "children": "Crear",
            "to": "/create",
          },
          "ref": null,
          "rendered": "Crear",
          "type": [Function],
        },
        Object {
          "instance": null,
          "key": undefined,
          "nodeType": "host",
          "props": Object {
            "children": "Logout",
            "onClick": [Function],
          },
          "ref": null,
          "rendered": "Logout",
          "type": "button",
        },
      ],
      "type": "header",
    },
  ],
  Symbol(enzyme.__options__): Object {
    "adapter": ReactSixteenAdapter {
      "options": Object {
        "enableComponentDidUpdateOnSetState": true,
      },
    },
  },
}
`;
